// Jest Snapshot v1, https://goo.gl/fbAQLP

exports[`render App correctly 1`] = `
Array [
  <div>
    <div
      className=""
      style={
        Object {
          "MozTransform": "translate3d(-100%, 0px, 0px)",
          "MozTransition": "-moz-transform 800ms linear 0s",
          "OTransform": "translate3d(-100%, 0px, 0px)",
          "OTransition": "-o-transform 800ms linear 0s",
          "WebkitTransform": "translate3d(-100%, 0px, 0px)",
          "WebkitTransition": "-webkit-transform 800ms linear 0s",
          "backgroundColor": "#77B722",
          "height": "4px",
          "msTransform": "translate3d(-100%, 0px, 0px)",
          "msTransition": "-ms-transform 800ms linear 0s",
          "opacity": "0",
          "position": "absolute",
          "transform": "translate3d(-100%, 0px, 0px)",
          "transition": "transform 800ms linear 0s",
          "width": "100%",
          "willChange": "transform, opacity",
        }
      }
    />
    <div
      style={
        Object {
          "clear": "both",
          "display": "table",
        }
      }
    />
  </div>,
  <div
    className="main"
  >
    <h1>
       Search for user details 
    </h1>
    <div
      className="container"
    >
      <div
        className="leftSubContainer"
      >
        <input
          aria-label="Search through users"
          className="inputSearch"
          onKeyUp={[Function]}
          placeholder="Search for name"
          type="text"
        />
        <div
          className="loader"
        />
      </div>
      <div
        className="rightSubContainer"
      >
        <ul
          className="addressList"
        >
          <h2
            className="noDataFound"
          >
             No data found 
          </h2>
        </ul>
      </div>
    </div>
  </div>,
]
`;
